// Jest Snapshot v1, https://goo.gl/fbAQLP

exports[`Favourite component should match with snapshot 1`] = `
<div
  className="add-favourite"
>
  <p>
    If you like this car, click the button and save it in your collection of favourite items.
  </p>
  <button
    className="float-right btnfixedbtm"
    onClick={[Function]}
  >
    save
  </button>
</div>
`;
