// Jest Snapshot v1, https://goo.gl/fbAQLP

exports[`Favourite component should match with snapshot 1`] = `
<footer>
  2019 Â© AUTO1 Group
</footer>
`;
