// Jest Snapshot v1, https://goo.gl/fbAQLP

exports[`Select box component should match with snapshot 1`] = `
<div
  className="row"
>
  <div
    className="form-group col-md-6 col-md-offset-3"
  >
    <label
      htmlFor="colors"
    />
    <div
      className="custom-select"
    >
      <select
        className="form-control"
        id="colors"
      >
        <option
          value=""
        />
        <option
          value="red"
        >
          red
        </option>
        <option
          value="blue"
        >
          blue
        </option>
        <option
          value="green"
        >
          green
        </option>
        <option
          value="black"
        >
          black
        </option>
        <option
          value="yellow"
        >
          yellow
        </option>
        <option
          value="white"
        >
          white
        </option>
        <option
          value="silver"
        >
          silver
        </option>
      </select>
    </div>
  </div>
</div>
`;
